-- The C compiler identification is GNU 11.4.0
-- The CXX compiler identification is GNU 11.4.0
-- Detecting C compiler ABI info
-- Detecting C compiler ABI info - done
-- Check for working C compiler: /usr/bin/cc - skipped
-- Detecting C compile features
-- Detecting C compile features - done
-- Detecting CXX compiler ABI info
-- Detecting CXX compiler ABI info - done
-- Check for working CXX compiler: /usr/bin/c++ - skipped
-- Detecting CXX compile features
-- Detecting CXX compile features - done
-- Found ament_cmake: 1.3.14 (/opt/ros/humble/share/ament_cmake/cmake)
-- Found Python3: /usr/bin/python3 (found version "3.10.12") found components: Interpreter 
-- Configuring done
-- Generating done
-- Build files have been written to: /home/student/ros2_ws/build/arena_disaster_pkg
-- Install configuration: ""
-- Installing: /home/student/ros2_ws/install/arena_disaster_pkg/share/ament_index/resource_index/package_run_dependencies/arena_disaster_pkg
-- Installing: /home/student/ros2_ws/install/arena_disaster_pkg/share/ament_index/resource_index/parent_prefix_path/arena_disaster_pkg
-- Installing: /home/student/ros2_ws/install/arena_disaster_pkg/share/arena_disaster_pkg/environment/ament_prefix_path.sh
-- Installing: /home/student/ros2_ws/install/arena_disaster_pkg/share/arena_disaster_pkg/environment/ament_prefix_path.dsv
-- Installing: /home/student/ros2_ws/install/arena_disaster_pkg/share/arena_disaster_pkg/environment/path.sh
-- Installing: /home/student/ros2_ws/install/arena_disaster_pkg/share/arena_disaster_pkg/environment/path.dsv
-- Installing: /home/student/ros2_ws/install/arena_disaster_pkg/share/arena_disaster_pkg/local_setup.bash
-- Installing: /home/student/ros2_ws/install/arena_disaster_pkg/share/arena_disaster_pkg/local_setup.sh
-- Installing: /home/student/ros2_ws/install/arena_disaster_pkg/share/arena_disaster_pkg/local_setup.zsh
-- Installing: /home/student/ros2_ws/install/arena_disaster_pkg/share/arena_disaster_pkg/local_setup.dsv
-- Installing: /home/student/ros2_ws/install/arena_disaster_pkg/share/arena_disaster_pkg/package.dsv
-- Installing: /home/student/ros2_ws/install/arena_disaster_pkg/share/ament_index/resource_index/packages/arena_disaster_pkg
-- Installing: /home/student/ros2_ws/install/arena_disaster_pkg/share/arena_disaster_pkg/cmake/arena_disaster_pkgConfig.cmake
-- Installing: /home/student/ros2_ws/install/arena_disaster_pkg/share/arena_disaster_pkg/cmake/arena_disaster_pkgConfig-version.cmake
-- Installing: /home/student/ros2_ws/install/arena_disaster_pkg/share/arena_disaster_pkg/package.xml
-- Installing: /home/student/ros2_ws/install/arena_disaster_pkg/share///config
-- Installing: /home/student/ros2_ws/install/arena_disaster_pkg/share///config/bridge.yaml
-- Installing: /home/student/ros2_ws/install/arena_disaster_pkg/share///scripts
-- Installing: /home/student/ros2_ws/install/arena_disaster_pkg/share///scripts/mecanum_drive.py
-- Installing: /home/student/ros2_ws/install/arena_disaster_pkg/share/arena_disaster_pkg//launch
-- Installing: /home/student/ros2_ws/install/arena_disaster_pkg/share/arena_disaster_pkg//launch/omnimen_sim.launch.py
-- Installing: /home/student/ros2_ws/install/arena_disaster_pkg/share/arena_disaster_pkg//launch/arena_sim.launch.py
-- Installing: /home/student/ros2_ws/install/arena_disaster_pkg/share/arena_disaster_pkg//launch/spawn_omnimen.launch.py
-- Installing: /home/student/ros2_ws/install/arena_disaster_pkg/share/arena_disaster_pkg//worlds
-- Installing: /home/student/ros2_ws/install/arena_disaster_pkg/share/arena_disaster_pkg//worlds/disaster_arena.world
-- Installing: /home/student/ros2_ws/install/arena_disaster_pkg/share/arena_disaster_pkg//worlds/test.world
-- Installing: /home/student/ros2_ws/install/arena_disaster_pkg/share/arena_disaster_pkg//models
-- Installing: /home/student/ros2_ws/install/arena_disaster_pkg/share/arena_disaster_pkg//models/destroyed_panel_house
-- Installing: /home/student/ros2_ws/install/arena_disaster_pkg/share/arena_disaster_pkg//models/destroyed_panel_house/meshes
-- Installing: /home/student/ros2_ws/install/arena_disaster_pkg/share/arena_disaster_pkg//models/destroyed_panel_house/meshes/house_walls.mtl
-- Installing: /home/student/ros2_ws/install/arena_disaster_pkg/share/arena_disaster_pkg//models/destroyed_panel_house/meshes/house_roof.mtl
-- Installing: /home/student/ros2_ws/install/arena_disaster_pkg/share/arena_disaster_pkg//models/destroyed_panel_house/meshes/house_floors.obj
-- Installing: /home/student/ros2_ws/install/arena_disaster_pkg/share/arena_disaster_pkg//models/destroyed_panel_house/meshes/destroyed_panel_house.blend
-- Installing: /home/student/ros2_ws/install/arena_disaster_pkg/share/arena_disaster_pkg//models/destroyed_panel_house/meshes/house_floors.mtl
-- Installing: /home/student/ros2_ws/install/arena_disaster_pkg/share/arena_disaster_pkg//models/destroyed_panel_house/meshes/house_roof.obj
-- Installing: /home/student/ros2_ws/install/arena_disaster_pkg/share/arena_disaster_pkg//models/destroyed_panel_house/meshes/destroyed_panel_house.blend1
-- Installing: /home/student/ros2_ws/install/arena_disaster_pkg/share/arena_disaster_pkg//models/destroyed_panel_house/meshes/house_walls.obj
-- Installing: /home/student/ros2_ws/install/arena_disaster_pkg/share/arena_disaster_pkg//models/destroyed_panel_house/textures
-- Installing: /home/student/ros2_ws/install/arena_disaster_pkg/share/arena_disaster_pkg//models/destroyed_panel_house/textures/concrete_normal.png
-- Installing: /home/student/ros2_ws/install/arena_disaster_pkg/share/arena_disaster_pkg//models/destroyed_panel_house/textures/concrete_roughness.png
-- Installing: /home/student/ros2_ws/install/arena_disaster_pkg/share/arena_disaster_pkg//models/destroyed_panel_house/textures/concrete_albedo.jpg
-- Installing: /home/student/ros2_ws/install/arena_disaster_pkg/share/arena_disaster_pkg//models/destroyed_panel_house/model.config
-- Installing: /home/student/ros2_ws/install/arena_disaster_pkg/share/arena_disaster_pkg//models/destroyed_panel_house/model.sdf
-- Installing: /home/student/ros2_ws/install/arena_disaster_pkg/share/arena_disaster_pkg//models/rubble_pvc
-- Installing: /home/student/ros2_ws/install/arena_disaster_pkg/share/arena_disaster_pkg//models/rubble_pvc/meshes
-- Installing: /home/student/ros2_ws/install/arena_disaster_pkg/share/arena_disaster_pkg//models/rubble_pvc/model.config
-- Installing: /home/student/ros2_ws/install/arena_disaster_pkg/share/arena_disaster_pkg//models/rubble_pvc/model.sdf
-- Installing: /home/student/ros2_ws/install/arena_disaster_pkg/share/arena_disaster_pkg//models/omnimen_with_sensors
-- Installing: /home/student/ros2_ws/install/arena_disaster_pkg/share/arena_disaster_pkg//models/omnimen_with_sensors/omnimen_with_sensors.sdf
-- Installing: /home/student/ros2_ws/install/arena_disaster_pkg/share/arena_disaster_pkg//models/omnimen_with_sensors/model.config
-- Installing: /home/student/ros2_ws/install/arena_disaster_pkg/share/arena_disaster_pkg//models/qr_marker
-- Installing: /home/student/ros2_ws/install/arena_disaster_pkg/share/arena_disaster_pkg//models/qr_marker/model.config
-- Installing: /home/student/ros2_ws/install/arena_disaster_pkg/share/arena_disaster_pkg//models/qr_marker/model.sdf
-- Installing: /home/student/ros2_ws/install/arena_disaster_pkg/share/arena_disaster_pkg//models/water
-- Installing: /home/student/ros2_ws/install/arena_disaster_pkg/share/arena_disaster_pkg//models/water/meshes
-- Installing: /home/student/ros2_ws/install/arena_disaster_pkg/share/arena_disaster_pkg//models/water/model.config
-- Installing: /home/student/ros2_ws/install/arena_disaster_pkg/share/arena_disaster_pkg//models/water/oil_slick
-- Installing: /home/student/ros2_ws/install/arena_disaster_pkg/share/arena_disaster_pkg//models/water/oil_slick/meshes
-- Installing: /home/student/ros2_ws/install/arena_disaster_pkg/share/arena_disaster_pkg//models/water/oil_slick/model.config
-- Installing: /home/student/ros2_ws/install/arena_disaster_pkg/share/arena_disaster_pkg//models/water/oil_slick/model.sdf
-- Installing: /home/student/ros2_ws/install/arena_disaster_pkg/share/arena_disaster_pkg//models/water/model.sdf
-- Installing: /home/student/ros2_ws/install/arena_disaster_pkg/share/arena_disaster_pkg//models/overturned_fuel_truck
-- Installing: /home/student/ros2_ws/install/arena_disaster_pkg/share/arena_disaster_pkg//models/overturned_fuel_truck/meshes
-- Installing: /home/student/ros2_ws/install/arena_disaster_pkg/share/arena_disaster_pkg//models/overturned_fuel_truck/model.config
-- Installing: /home/student/ros2_ws/install/arena_disaster_pkg/share/arena_disaster_pkg//models/overturned_fuel_truck/model.sdf
-- Installing: /home/student/ros2_ws/install/arena_disaster_pkg/share/arena_disaster_pkg//models/traffic_jam
-- Installing: /home/student/ros2_ws/install/arena_disaster_pkg/share/arena_disaster_pkg//models/traffic_jam/meshes
-- Installing: /home/student/ros2_ws/install/arena_disaster_pkg/share/arena_disaster_pkg//models/traffic_jam/model.config
-- Installing: /home/student/ros2_ws/install/arena_disaster_pkg/share/arena_disaster_pkg//models/traffic_jam/model.sdf
-- Installing: /home/student/ros2_ws/install/arena_disaster_pkg/share/arena_disaster_pkg//models/fallen_birch_tree
-- Installing: /home/student/ros2_ws/install/arena_disaster_pkg/share/arena_disaster_pkg//models/fallen_birch_tree/meshes
-- Installing: /home/student/ros2_ws/install/arena_disaster_pkg/share/arena_disaster_pkg//models/fallen_birch_tree/model.config
-- Installing: /home/student/ros2_ws/install/arena_disaster_pkg/share/arena_disaster_pkg//models/fallen_birch_tree/model.sdf
-- Installing: /home/student/ros2_ws/install/arena_disaster_pkg/share/arena_disaster_pkg//models/bridge_crossing
-- Installing: /home/student/ros2_ws/install/arena_disaster_pkg/share/arena_disaster_pkg//models/bridge_crossing/meshes
-- Installing: /home/student/ros2_ws/install/arena_disaster_pkg/share/arena_disaster_pkg//models/bridge_crossing/meshes/bridge_railings.mtl
-- Installing: /home/student/ros2_ws/install/arena_disaster_pkg/share/arena_disaster_pkg//models/bridge_crossing/meshes/bridge_deck.obj
-- Installing: /home/student/ros2_ws/install/arena_disaster_pkg/share/arena_disaster_pkg//models/bridge_crossing/meshes/bridge_markings.obj
-- Installing: /home/student/ros2_ws/install/arena_disaster_pkg/share/arena_disaster_pkg//models/bridge_crossing/meshes/bridge_deck.mtl
-- Installing: /home/student/ros2_ws/install/arena_disaster_pkg/share/arena_disaster_pkg//models/bridge_crossing/meshes/bridge_markings.mtl
-- Installing: /home/student/ros2_ws/install/arena_disaster_pkg/share/arena_disaster_pkg//models/bridge_crossing/meshes/bridge_railings.obj
-- Installing: /home/student/ros2_ws/install/arena_disaster_pkg/share/arena_disaster_pkg//models/bridge_crossing/textures
-- Installing: /home/student/ros2_ws/install/arena_disaster_pkg/share/arena_disaster_pkg//models/bridge_crossing/textures/bitumen_albedo.jpg
-- Installing: /home/student/ros2_ws/install/arena_disaster_pkg/share/arena_disaster_pkg//models/bridge_crossing/model.config
-- Installing: /home/student/ros2_ws/install/arena_disaster_pkg/share/arena_disaster_pkg//models/bridge_crossing/model.sdf
-- Installing: /home/student/ros2_ws/install/arena_disaster_pkg/share/arena_disaster_pkg//models/omnimen
-- Installing: /home/student/ros2_ws/install/arena_disaster_pkg/share/arena_disaster_pkg//models/omnimen/meshes
-- Installing: /home/student/ros2_ws/install/arena_disaster_pkg/share/arena_disaster_pkg//models/omnimen/meshes/head_base_igs_4______________1.stl
-- Installing: /home/student/ros2_ws/install/arena_disaster_pkg/share/arena_disaster_pkg//models/omnimen/meshes/Kamera_1______________1.stl
-- Installing: /home/student/ros2_ws/install/arena_disaster_pkg/share/arena_disaster_pkg//models/omnimen/meshes/stand_8x2_igs_25______________1.stl
-- Installing: /home/student/ros2_ws/install/arena_disaster_pkg/share/arena_disaster_pkg//models/omnimen/meshes/_____________Mecanum_4______________1.stl
-- Installing: /home/student/ros2_ws/install/arena_disaster_pkg/share/arena_disaster_pkg//models/omnimen/meshes/________________Mecanum__________________________2______________1.stl
-- Installing: /home/student/ros2_ws/install/arena_disaster_pkg/share/arena_disaster_pkg//models/omnimen/meshes/Section_1______________1.stl
-- Installing: /home/student/ros2_ws/install/arena_disaster_pkg/share/arena_disaster_pkg//models/omnimen/meshes/motor_board_igs_18______________1.stl
-- Installing: /home/student/ros2_ws/install/arena_disaster_pkg/share/arena_disaster_pkg//models/omnimen/meshes/base_igs_3______________1.stl
-- Installing: /home/student/ros2_ws/install/arena_disaster_pkg/share/arena_disaster_pkg//models/omnimen/meshes/laser_igs_7______________1.stl
-- Installing: /home/student/ros2_ws/install/arena_disaster_pkg/share/arena_disaster_pkg//models/omnimen/meshes/motor_igs_17______________1.stl
-- Installing: /home/student/ros2_ws/install/arena_disaster_pkg/share/arena_disaster_pkg//models/omnimen/meshes/Bein_1______________1.stl
-- Installing: /home/student/ros2_ws/install/arena_disaster_pkg/share/arena_disaster_pkg//models/omnimen/meshes/Woodscrews_GB_TYPE136_M2X6_N_igs_10______________1.stl
-- Installing: /home/student/ros2_ws/install/arena_disaster_pkg/share/arena_disaster_pkg//models/omnimen/meshes/door_wago_1______________1.stl
-- Installing: /home/student/ros2_ws/install/arena_disaster_pkg/share/arena_disaster_pkg//models/omnimen/meshes/______mx_106_1______________1.stl
-- Installing: /home/student/ros2_ws/install/arena_disaster_pkg/share/arena_disaster_pkg//models/omnimen/meshes/connector_1_25_4pin_igs_19______________1.stl
-- Installing: /home/student/ros2_ws/install/arena_disaster_pkg/share/arena_disaster_pkg//models/omnimen/meshes/Cam_Schale_Front_1______________1.stl
-- Installing: /home/student/ros2_ws/install/arena_disaster_pkg/share/arena_disaster_pkg//models/omnimen/meshes/detector_mount_igs_5______________1.stl
-- Installing: /home/student/ros2_ws/install/arena_disaster_pkg/share/arena_disaster_pkg//models/omnimen/meshes/motherboard_igs_15______________1.stl
-- Installing: /home/student/ros2_ws/install/arena_disaster_pkg/share/arena_disaster_pkg//models/omnimen/meshes/laser_mount_igs_8______________1.stl
-- Installing: /home/student/ros2_ws/install/arena_disaster_pkg/share/arena_disaster_pkg//models/omnimen/meshes/level_plate_1______________1.stl
-- Installing: /home/student/ros2_ws/install/arena_disaster_pkg/share/arena_disaster_pkg//models/omnimen/meshes/case_akb_1______________2.stl
-- Installing: /home/student/ros2_ws/install/arena_disaster_pkg/share/arena_disaster_pkg//models/omnimen/meshes/ROUE_MX106T_2______________1.stl
-- Installing: /home/student/ros2_ws/install/arena_disaster_pkg/share/arena_disaster_pkg//models/omnimen/meshes/bottom_lid_igs_20______________1.stl
-- Installing: /home/student/ros2_ws/install/arena_disaster_pkg/share/arena_disaster_pkg//models/omnimen/meshes/wheel_igs_32______________1.stl
-- Installing: /home/student/ros2_ws/install/arena_disaster_pkg/share/arena_disaster_pkg//models/omnimen/meshes/connecteur_dynamixel_5______________1.stl
-- Installing: /home/student/ros2_ws/install/arena_disaster_pkg/share/arena_disaster_pkg//models/omnimen/meshes/______________________3______________1.stl
-- Installing: /home/student/ros2_ws/install/arena_disaster_pkg/share/arena_disaster_pkg//models/omnimen/meshes/_____________Mecanum_3______________1.stl
-- Installing: /home/student/ros2_ws/install/arena_disaster_pkg/share/arena_disaster_pkg//models/omnimen/meshes/________________Mecanum_________________________2______________1.stl
-- Installing: /home/student/ros2_ws/install/arena_disaster_pkg/share/arena_disaster_pkg//models/omnimen/meshes/detector_igs_6______________1.stl
-- Installing: /home/student/ros2_ws/install/arena_disaster_pkg/share/arena_disaster_pkg//models/omnimen/meshes/connector_1_25_3pin_igs_16______________1.stl
-- Installing: /home/student/ros2_ws/install/arena_disaster_pkg/share/arena_disaster_pkg//models/omnimen/meshes/MX_106T_1______________1.stl
-- Installing: /home/student/ros2_ws/install/arena_disaster_pkg/share/arena_disaster_pkg//models/omnimen/meshes/________________Mecanum__________________________1______________1.stl
-- Installing: /home/student/ros2_ws/install/arena_disaster_pkg/share/arena_disaster_pkg//models/omnimen/meshes/Part22_2______________1.stl
-- Installing: /home/student/ros2_ws/install/arena_disaster_pkg/share/arena_disaster_pkg//models/omnimen/meshes/head_igs_9______________1.stl
-- Installing: /home/student/ros2_ws/install/arena_disaster_pkg/share/arena_disaster_pkg//models/omnimen/meshes/______________________12______________1.stl
-- Installing: /home/student/ros2_ws/install/arena_disaster_pkg/share/arena_disaster_pkg//models/omnimen/meshes/Cam_Schale_Deckel_1______________1.stl
-- Installing: /home/student/ros2_ws/install/arena_disaster_pkg/share/arena_disaster_pkg//models/omnimen/meshes/level_plate___________1______________1.stl
-- Installing: /home/student/ros2_ws/install/arena_disaster_pkg/share/arena_disaster_pkg//models/omnimen/meshes/hex_spacer_standoff_nut_M4_L20_1______________1.stl
-- Installing: /home/student/ros2_ws/install/arena_disaster_pkg/share/arena_disaster_pkg//models/omnimen/meshes/Insert_M3___encastrer_long_5mm_4______________1.stl
-- Installing: /home/student/ros2_ws/install/arena_disaster_pkg/share/arena_disaster_pkg//models/omnimen/meshes/devboard_igs_30______________1.stl
-- Installing: /home/student/ros2_ws/install/arena_disaster_pkg/share/arena_disaster_pkg//models/omnimen/meshes/connector_7pin_2_5_igs_29______________1.stl
-- Installing: /home/student/ros2_ws/install/arena_disaster_pkg/share/arena_disaster_pkg//models/omnimen/meshes/rubber_igs_31______________1.stl
-- Installing: /home/student/ros2_ws/install/arena_disaster_pkg/share/arena_disaster_pkg//models/omnimen/meshes/stand_15x2_igs_21______________1.stl
-- Installing: /home/student/ros2_ws/install/arena_disaster_pkg/share/arena_disaster_pkg//models/omnimen/meshes/________________Mecanum___________________________1______________1.stl
-- Installing: /home/student/ros2_ws/install/arena_disaster_pkg/share/arena_disaster_pkg//models/omnimen/model.config
-- Installing: /home/student/ros2_ws/install/arena_disaster_pkg/share/arena_disaster_pkg//models/omnimen/urdf
-- Installing: /home/student/ros2_ws/install/arena_disaster_pkg/share/arena_disaster_pkg//models/omnimen/urdf/omnimen.urdf
-- Installing: /home/student/ros2_ws/install/arena_disaster_pkg/share/arena_disaster_pkg//models/omnimen/launch
-- Installing: /home/student/ros2_ws/install/arena_disaster_pkg/share/arena_disaster_pkg//models/omnimen/launch/omnimen.launch
-- Installing: /home/student/ros2_ws/install/arena_disaster_pkg/share/arena_disaster_pkg//models/tower_glass
-- Installing: /home/student/ros2_ws/install/arena_disaster_pkg/share/arena_disaster_pkg//models/tower_glass/meshes
-- Installing: /home/student/ros2_ws/install/arena_disaster_pkg/share/arena_disaster_pkg//models/tower_glass/meshes/tower_windows.obj
-- Installing: /home/student/ros2_ws/install/arena_disaster_pkg/share/arena_disaster_pkg//models/tower_glass/meshes/tower_walls.obj
-- Installing: /home/student/ros2_ws/install/arena_disaster_pkg/share/arena_disaster_pkg//models/tower_glass/meshes/tower_windows.mtl
-- Installing: /home/student/ros2_ws/install/arena_disaster_pkg/share/arena_disaster_pkg//models/tower_glass/meshes/tower_floors.mtl
-- Installing: /home/student/ros2_ws/install/arena_disaster_pkg/share/arena_disaster_pkg//models/tower_glass/meshes/tower_walls.mtl
-- Installing: /home/student/ros2_ws/install/arena_disaster_pkg/share/arena_disaster_pkg//models/tower_glass/meshes/tower_roof.obj
-- Installing: /home/student/ros2_ws/install/arena_disaster_pkg/share/arena_disaster_pkg//models/tower_glass/meshes/tower_floors.obj
-- Installing: /home/student/ros2_ws/install/arena_disaster_pkg/share/arena_disaster_pkg//models/tower_glass/meshes/tower_roof.mtl
-- Installing: /home/student/ros2_ws/install/arena_disaster_pkg/share/arena_disaster_pkg//models/tower_glass/textures
-- Installing: /home/student/ros2_ws/install/arena_disaster_pkg/share/arena_disaster_pkg//models/tower_glass/textures/tower_glass_baked.png
-- Installing: /home/student/ros2_ws/install/arena_disaster_pkg/share/arena_disaster_pkg//models/tower_glass/textures/concrete_normal.png
-- Installing: /home/student/ros2_ws/install/arena_disaster_pkg/share/arena_disaster_pkg//models/tower_glass/textures/concrete_roughness.png
-- Installing: /home/student/ros2_ws/install/arena_disaster_pkg/share/arena_disaster_pkg//models/tower_glass/textures/concrete_albedo.jpg
-- Installing: /home/student/ros2_ws/install/arena_disaster_pkg/share/arena_disaster_pkg//models/tower_glass/model.config
-- Installing: /home/student/ros2_ws/install/arena_disaster_pkg/share/arena_disaster_pkg//models/tower_glass/model.sdf
-- Installing: /home/student/ros2_ws/install/arena_disaster_pkg/share/arena_disaster_pkg//materials
-- Installing: /home/student/ros2_ws/install/arena_disaster_pkg/share/arena_disaster_pkg//materials/textures
-- Installing: /home/student/ros2_ws/install/arena_disaster_pkg/share/arena_disaster_pkg//materials/textures/bitumen_albedo.jpg
-- Installing: /home/student/ros2_ws/install/arena_disaster_pkg/share/arena_disaster_pkg//materials/textures/concrete_normal.png
-- Installing: /home/student/ros2_ws/install/arena_disaster_pkg/share/arena_disaster_pkg//materials/textures/bitumen_roughness.png
-- Installing: /home/student/ros2_ws/install/arena_disaster_pkg/share/arena_disaster_pkg//materials/textures/asphalt_albedo.jpg
-- Installing: /home/student/ros2_ws/install/arena_disaster_pkg/share/arena_disaster_pkg//materials/textures/asphalt_normal.png
-- Installing: /home/student/ros2_ws/install/arena_disaster_pkg/share/arena_disaster_pkg//materials/textures/grass_normal.png
-- Installing: /home/student/ros2_ws/install/arena_disaster_pkg/share/arena_disaster_pkg//materials/textures/bitumen_normal.png
-- Installing: /home/student/ros2_ws/install/arena_disaster_pkg/share/arena_disaster_pkg//materials/textures/concrete_roughness.png
-- Installing: /home/student/ros2_ws/install/arena_disaster_pkg/share/arena_disaster_pkg//materials/textures/grass_roughness.png
-- Installing: /home/student/ros2_ws/install/arena_disaster_pkg/share/arena_disaster_pkg//materials/textures/grass_albedo.jpg
-- Installing: /home/student/ros2_ws/install/arena_disaster_pkg/share/arena_disaster_pkg//materials/textures/blends
-- Installing: /home/student/ros2_ws/install/arena_disaster_pkg/share/arena_disaster_pkg//materials/textures/blends/bitumen_1k.blend
-- Installing: /home/student/ros2_ws/install/arena_disaster_pkg/share/arena_disaster_pkg//materials/textures/blends/textures
-- Installing: /home/student/ros2_ws/install/arena_disaster_pkg/share/arena_disaster_pkg//materials/textures/blends/textures/concrete_wall_009_nor_gl_1k.exr
-- Installing: /home/student/ros2_ws/install/arena_disaster_pkg/share/arena_disaster_pkg//materials/textures/blends/textures/bitumen_diff_1k.jpg
-- Installing: /home/student/ros2_ws/install/arena_disaster_pkg/share/arena_disaster_pkg//materials/textures/blends/textures/asphalt_track_rough_1k.png
-- Installing: /home/student/ros2_ws/install/arena_disaster_pkg/share/arena_disaster_pkg//materials/textures/blends/textures/asphalt_track_diff_1k.jpg
-- Installing: /home/student/ros2_ws/install/arena_disaster_pkg/share/arena_disaster_pkg//materials/textures/blends/textures/concrete_wall_009_rough_1k.exr
-- Installing: /home/student/ros2_ws/install/arena_disaster_pkg/share/arena_disaster_pkg//materials/textures/blends/textures/asphalt_track_nor_gl_1k.exr
-- Installing: /home/student/ros2_ws/install/arena_disaster_pkg/share/arena_disaster_pkg//materials/textures/blends/textures/concrete_wall_009_diff_1k.jpg
-- Installing: /home/student/ros2_ws/install/arena_disaster_pkg/share/arena_disaster_pkg//materials/textures/blends/textures/sparse_grass_nor_gl_1k.png
-- Installing: /home/student/ros2_ws/install/arena_disaster_pkg/share/arena_disaster_pkg//materials/textures/blends/textures/concrete_wall_009_rough_1k.png
-- Installing: /home/student/ros2_ws/install/arena_disaster_pkg/share/arena_disaster_pkg//materials/textures/blends/textures/bitumen_rough_1k.png
-- Installing: /home/student/ros2_ws/install/arena_disaster_pkg/share/arena_disaster_pkg//materials/textures/blends/textures/bitumen_nor_gl_1k.exr
-- Installing: /home/student/ros2_ws/install/arena_disaster_pkg/share/arena_disaster_pkg//materials/textures/blends/textures/asphalt_track_disp_1k.png
-- Installing: /home/student/ros2_ws/install/arena_disaster_pkg/share/arena_disaster_pkg//materials/textures/blends/textures/sparse_grass_nor_gl_1k.exr
-- Installing: /home/student/ros2_ws/install/arena_disaster_pkg/share/arena_disaster_pkg//materials/textures/blends/textures/sparse_grass_rough_1k.png
-- Installing: /home/student/ros2_ws/install/arena_disaster_pkg/share/arena_disaster_pkg//materials/textures/blends/textures/bitumen_rough_1k.exr
-- Installing: /home/student/ros2_ws/install/arena_disaster_pkg/share/arena_disaster_pkg//materials/textures/blends/textures/sparse_grass_diff_1k.jpg
-- Installing: /home/student/ros2_ws/install/arena_disaster_pkg/share/arena_disaster_pkg//materials/textures/blends/textures/concrete_wall_009_nor_gl_1k.png
-- Installing: /home/student/ros2_ws/install/arena_disaster_pkg/share/arena_disaster_pkg//materials/textures/blends/textures/concrete_wall_009_disp_1k.png
-- Installing: /home/student/ros2_ws/install/arena_disaster_pkg/share/arena_disaster_pkg//materials/textures/blends/textures/sparse_grass_disp_1k.png
-- Installing: /home/student/ros2_ws/install/arena_disaster_pkg/share/arena_disaster_pkg//materials/textures/blends/textures/asphalt_track_nor_gl_1k.png
-- Installing: /home/student/ros2_ws/install/arena_disaster_pkg/share/arena_disaster_pkg//materials/textures/blends/textures/bitumen_nor_gl_1k.png
-- Installing: /home/student/ros2_ws/install/arena_disaster_pkg/share/arena_disaster_pkg//materials/textures/blends/textures/sparse_grass_rough_1k.exr
-- Installing: /home/student/ros2_ws/install/arena_disaster_pkg/share/arena_disaster_pkg//materials/textures/blends/textures/asphalt_track_rough_1k.exr
-- Installing: /home/student/ros2_ws/install/arena_disaster_pkg/share/arena_disaster_pkg//materials/textures/blends/textures/bitumen_disp_1k.png
-- Installing: /home/student/ros2_ws/install/arena_disaster_pkg/share/arena_disaster_pkg//materials/textures/blends/textures/sparse_grass_mask_1k.png
-- Installing: /home/student/ros2_ws/install/arena_disaster_pkg/share/arena_disaster_pkg//materials/textures/blends/asphalt_track_1k.blend
-- Installing: /home/student/ros2_ws/install/arena_disaster_pkg/share/arena_disaster_pkg//materials/textures/blends/concrete_wall_009_1k.blend
-- Installing: /home/student/ros2_ws/install/arena_disaster_pkg/share/arena_disaster_pkg//materials/textures/blends/sparse_grass_1k.blend
-- Installing: /home/student/ros2_ws/install/arena_disaster_pkg/share/arena_disaster_pkg//materials/textures/asphalt_roughness.png
-- Installing: /home/student/ros2_ws/install/arena_disaster_pkg/share/arena_disaster_pkg//materials/textures/concrete_albedo.jpg
-- Installing: /home/student/ros2_ws/install/arena_disaster_pkg/share/arena_disaster_pkg//materials/cubemaps
-- Installing: /home/student/ros2_ws/install/arena_disaster_pkg/lib/arena_disaster_pkg/mecanum_drive.py
